Archive member included to satisfy reference by file (symbol)

c:/program files (x86)/atmel/studio/7.0/toolchain/avr8/avr8-gnu-toolchain/bin/../lib/gcc/avr/5.4.0/../../../../avr/lib/avrxmega6\libm.a(addsf3.o)
                              main.o (__subsf3)
c:/program files (x86)/atmel/studio/7.0/toolchain/avr8/avr8-gnu-toolchain/bin/../lib/gcc/avr/5.4.0/../../../../avr/lib/avrxmega6\libm.a(addsf3x.o)
                              c:/program files (x86)/atmel/studio/7.0/toolchain/avr8/avr8-gnu-toolchain/bin/../lib/gcc/avr/5.4.0/../../../../avr/lib/avrxmega6\libm.a(addsf3.o) (__addsf3x)
c:/program files (x86)/atmel/studio/7.0/toolchain/avr8/avr8-gnu-toolchain/bin/../lib/gcc/avr/5.4.0/../../../../avr/lib/avrxmega6\libm.a(cmpsf2.o)
                              main.o (__eqsf2)
c:/program files (x86)/atmel/studio/7.0/toolchain/avr8/avr8-gnu-toolchain/bin/../lib/gcc/avr/5.4.0/../../../../avr/lib/avrxmega6\libm.a(divsf3.o)
                              main.o (__divsf3)
c:/program files (x86)/atmel/studio/7.0/toolchain/avr8/avr8-gnu-toolchain/bin/../lib/gcc/avr/5.4.0/../../../../avr/lib/avrxmega6\libm.a(divsf3x.o)
                              c:/program files (x86)/atmel/studio/7.0/toolchain/avr8/avr8-gnu-toolchain/bin/../lib/gcc/avr/5.4.0/../../../../avr/lib/avrxmega6\libm.a(divsf3.o) (__divsf3x)
c:/program files (x86)/atmel/studio/7.0/toolchain/avr8/avr8-gnu-toolchain/bin/../lib/gcc/avr/5.4.0/../../../../avr/lib/avrxmega6\libm.a(fixsfsi.o)
                              NHD0420Driver.o (__fixsfsi)
c:/program files (x86)/atmel/studio/7.0/toolchain/avr8/avr8-gnu-toolchain/bin/../lib/gcc/avr/5.4.0/../../../../avr/lib/avrxmega6\libm.a(fixunssfsi.o)
                              c:/program files (x86)/atmel/studio/7.0/toolchain/avr8/avr8-gnu-toolchain/bin/../lib/gcc/avr/5.4.0/../../../../avr/lib/avrxmega6\libm.a(fixsfsi.o) (__fixunssfsi)
c:/program files (x86)/atmel/studio/7.0/toolchain/avr8/avr8-gnu-toolchain/bin/../lib/gcc/avr/5.4.0/../../../../avr/lib/avrxmega6\libm.a(floatsisf.o)
                              NHD0420Driver.o (__floatsisf)
c:/program files (x86)/atmel/studio/7.0/toolchain/avr8/avr8-gnu-toolchain/bin/../lib/gcc/avr/5.4.0/../../../../avr/lib/avrxmega6\libm.a(fp_cmp.o)
                              c:/program files (x86)/atmel/studio/7.0/toolchain/avr8/avr8-gnu-toolchain/bin/../lib/gcc/avr/5.4.0/../../../../avr/lib/avrxmega6\libm.a(cmpsf2.o) (__fp_cmp)
c:/program files (x86)/atmel/studio/7.0/toolchain/avr8/avr8-gnu-toolchain/bin/../lib/gcc/avr/5.4.0/../../../../avr/lib/avrxmega6\libm.a(fp_inf.o)
                              c:/program files (x86)/atmel/studio/7.0/toolchain/avr8/avr8-gnu-toolchain/bin/../lib/gcc/avr/5.4.0/../../../../avr/lib/avrxmega6\libm.a(addsf3x.o) (__fp_inf)
c:/program files (x86)/atmel/studio/7.0/toolchain/avr8/avr8-gnu-toolchain/bin/../lib/gcc/avr/5.4.0/../../../../avr/lib/avrxmega6\libm.a(fp_nan.o)
                              c:/program files (x86)/atmel/studio/7.0/toolchain/avr8/avr8-gnu-toolchain/bin/../lib/gcc/avr/5.4.0/../../../../avr/lib/avrxmega6\libm.a(addsf3x.o) (__fp_nan)
c:/program files (x86)/atmel/studio/7.0/toolchain/avr8/avr8-gnu-toolchain/bin/../lib/gcc/avr/5.4.0/../../../../avr/lib/avrxmega6\libm.a(fp_pscA.o)
                              c:/program files (x86)/atmel/studio/7.0/toolchain/avr8/avr8-gnu-toolchain/bin/../lib/gcc/avr/5.4.0/../../../../avr/lib/avrxmega6\libm.a(addsf3x.o) (__fp_pscA)
c:/program files (x86)/atmel/studio/7.0/toolchain/avr8/avr8-gnu-toolchain/bin/../lib/gcc/avr/5.4.0/../../../../avr/lib/avrxmega6\libm.a(fp_pscB.o)
                              c:/program files (x86)/atmel/studio/7.0/toolchain/avr8/avr8-gnu-toolchain/bin/../lib/gcc/avr/5.4.0/../../../../avr/lib/avrxmega6\libm.a(addsf3x.o) (__fp_pscB)
c:/program files (x86)/atmel/studio/7.0/toolchain/avr8/avr8-gnu-toolchain/bin/../lib/gcc/avr/5.4.0/../../../../avr/lib/avrxmega6\libm.a(fp_round.o)
                              c:/program files (x86)/atmel/studio/7.0/toolchain/avr8/avr8-gnu-toolchain/bin/../lib/gcc/avr/5.4.0/../../../../avr/lib/avrxmega6\libm.a(addsf3.o) (__fp_round)
c:/program files (x86)/atmel/studio/7.0/toolchain/avr8/avr8-gnu-toolchain/bin/../lib/gcc/avr/5.4.0/../../../../avr/lib/avrxmega6\libm.a(fp_split3.o)
                              c:/program files (x86)/atmel/studio/7.0/toolchain/avr8/avr8-gnu-toolchain/bin/../lib/gcc/avr/5.4.0/../../../../avr/lib/avrxmega6\libm.a(addsf3x.o) (__fp_split3)
c:/program files (x86)/atmel/studio/7.0/toolchain/avr8/avr8-gnu-toolchain/bin/../lib/gcc/avr/5.4.0/../../../../avr/lib/avrxmega6\libm.a(fp_zero.o)
                              c:/program files (x86)/atmel/studio/7.0/toolchain/avr8/avr8-gnu-toolchain/bin/../lib/gcc/avr/5.4.0/../../../../avr/lib/avrxmega6\libm.a(addsf3x.o) (__fp_zero)
c:/program files (x86)/atmel/studio/7.0/toolchain/avr8/avr8-gnu-toolchain/bin/../lib/gcc/avr/5.4.0/../../../../avr/lib/avrxmega6\libm.a(gesf2.o)
                              NHD0420Driver.o (__gesf2)
[...]
Memory Configuration

Name             Origin             Length             Attributes
text             0x00000000         0x00100000         xr
data             0x00802000         0x0000ffa0         rw !x
eeprom           0x00810000         0x00010000         rw !x
fuse             0x00820000         0x00000006         rw !x
lock             0x00830000         0x00000400         rw !x
signature        0x00840000         0x00000400         rw !x
user_signatures  0x00850000         0x00000400         rw !x
*default*        0x00000000         0xffffffff

Linker script and memory map

LOAD C:/Program Files (x86)/Atmel/Studio/7.0/Packs/atmel/XMEGAA_DFP/1.1.68/gcc/dev/atxmega128a3u/avrxmega6/crtatxmega128a3u.o
LOAD ButtonHandler.o
LOAD driver/clksys_driver.o
LOAD driver/pmic_driver.o
LOAD driver/port_driver.o
LOAD driver/TC_driver.o
LOAD errorHandler.o
LOAD FreeRTOS/croutine.o
LOAD FreeRTOS/event_groups.o
LOAD FreeRTOS/heap_1.o
LOAD FreeRTOS/list.o
LOAD FreeRTOS/port.o
LOAD FreeRTOS/queue.o
LOAD FreeRTOS/stream_buffer.o
LOAD FreeRTOS/tasks.o
LOAD FreeRTOS/timers.o
LOAD init.o
LOAD main.o
LOAD mem_check.o
LOAD NHD0420Driver.o
LOAD utils.o
START GROUP
LOAD c:/program files (x86)/atmel/studio/7.0/toolchain/avr8/avr8-gnu-toolchain/bin/../lib/gcc/avr/5.4.0/../../../../avr/lib/avrxmega6\libm.a
END GROUP
LOAD c:/program files (x86)/atmel/studio/7.0/toolchain/avr8/avr8-gnu-toolchain/bin/../lib/gcc/avr/5.4.0/../../../../avr/lib/avrxmega6\libprintf_flt.a
START GROUP
LOAD c:/program files (x86)/atmel/studio/7.0/toolchain/avr8/avr8-gnu-toolchain/bin/../lib/gcc/avr/5.4.0/avrxmega6\libgcc.a
LOAD c:/program files (x86)/atmel/studio/7.0/toolchain/avr8/avr8-gnu-toolchain/bin/../lib/gcc/avr/5.4.0/../../../../avr/lib/avrxmega6\libm.a
LOAD c:/program files (x86)/atmel/studio/7.0/toolchain/avr8/avr8-gnu-toolchain/bin/../lib/gcc/avr/5.4.0/../../../../avr/lib/avrxmega6\libc.a
LOAD C:/Program Files (x86)/Atmel/Studio/7.0/Packs/atmel/XMEGAA_DFP/1.1.68/gcc/dev/atxmega128a3u/avrxmega6\libatxmega128a3u.a
END GROUP
                0x00100000                __TEXT_REGION_LENGTH__ = DEFINED (__TEXT_REGION_LENGTH__)?__TEXT_REGION_LENGTH__:0x100000
                0x0000ffa0                __DATA_REGION_LENGTH__ = DEFINED (__DATA_REGION_LENGTH__)?__DATA_REGION_LENGTH__:0xffa0
                0x00010000                __EEPROM_REGION_LENGTH__ = DEFINED (__EEPROM_REGION_LENGTH__)?__EEPROM_REGION_LENGTH__:0x10000
                [0x00000006]                __FUSE_REGION_LENGTH__ = DEFINED (__FUSE_REGION_LENGTH__)?__FUSE_REGION_LENGTH__:0x400
                0x00000400                __LOCK_REGION_LENGTH__ = DEFINED (__LOCK_REGION_LENGTH__)?__LOCK_REGION_LENGTH__:0x400
                0x00000400                __SIGNATURE_REGION_LENGTH__ = DEFINED (__SIGNATURE_REGION_LENGTH__)?__SIGNATURE_REGION_LENGTH__:0x400
                0x00000400                __USER_SIGNATURE_REGION_LENGTH__ = DEFINED (__USER_SIGNATURE_REGION_LENGTH__)?__USER_SIGNATURE_REGION_LENGTH__:0x400

.hash
 *(.hash)

.dynsym
 *(.dynsym)

.dynstr
 *(.dynstr)

.gnu.version
 *(.gnu.version)

.gnu.version_d
 *(.gnu.version_d)

.gnu.version_r
 *(.gnu.version_r)

.rel.init
 *(.rel.init)

.rela.init
 *(.rela.init)

.rel.text
 *(.rel.text)
 *(.rel.text.*)
 *(.rel.gnu.linkonce.t*)

.rela.text
 *(.rela.text)
 *(.rela.text.*)
 *(.rela.gnu.linkonce.t*)

.rel.fini
 *(.rel.fini)

.rela.fini
 *(.rela.fini)

.rel.rodata
 *(.rel.rodata)
 *(.rel.rodata.*)
 *(.rel.gnu.linkonce.r*)

.rela.rodata
 *(.rela.rodata)
 *(.rela.rodata.*)
 *(.rela.gnu.linkonce.r*)

.rel.data
 *(.rel.data)
 *(.rel.data.*)
 *(.rel.gnu.linkonce.d*)

.rela.data
 *(.rela.data)
 *(.rela.data.*)
 *(.rela.gnu.linkonce.d*)

.rel.ctors
 *(.rel.ctors)

.rela.ctors
 *(.rela.ctors)

.rel.dtors
 *(.rel.dtors)

.rela.dtors
 *(.rela.dtors)

.rel.got
 *(.rel.got)

.rela.got
 *(.rela.got)

.rel.bss
 *(.rel.bss)

.rela.bss
 *(.rela.bss)

.rel.plt
 *(.rel.plt)

.rela.plt
 *(.rela.plt)

.text           0x00000000     0x4c82
 *(.vectors)
 .vectors       0x00000000      0x1fc C:/Program Files (x86)/Atmel/Studio/7.0/Packs/atmel/XMEGAA_DFP/1.1.68/gcc/dev/atxmega128a3u/avrxmega6/crtatxmega128a3u.o
                0x00000000                __vector_default
                0x00000000                __vectors
 *(.vectors)
 *(.progmem.gcc*)
 .progmem.gcc_sw_table.prvTimerTask
                0x000001fc       0x14 FreeRTOS/timers.o
                0x00000210                . = ALIGN (0x2)
                0x00000210                __trampolines_start = .
 *(.trampolines)
 .trampolines   0x00000210       0x38 linker stubs
 *(.trampolines*)
                0x00000248                __trampolines_end = .
 *libprintf_flt.a:*(.progmem.data)
 .progmem.data  0x00000248        0x8 c:/program files (x86)/atmel/studio/7.0/toolchain/avr8/avr8-gnu-toolchain/bin/../lib/gcc/avr/5.4.0/../../../../avr/lib/avrxmega6\libprintf_flt.a(vfprintf_flt.o)
 *libc.a:*(.progmem.data)
 .progmem.data  0x00000250       0xfa c:/program files (x86)/atmel/studio/7.0/toolchain/avr8/avr8-gnu-toolchain/bin/../lib/gcc/avr/5.4.0/../../../../avr/lib/avrxmega6\libc.a(ftoa_engine.o)
 *(.progmem*)
                0x0000034a                . = ALIGN (0x2)
 *(.jumptables)
 *(.jumptables*)
 *(.lowtext)
 *(.lowtext*)
                0x0000034a                __ctors_start = .
 *(.ctors)
                0x0000034a                __ctors_end = .
                0x0000034a                __dtors_start = .
 *(.dtors)
                0x0000034a                __dtors_end = .
 SORT(*)(.ctors)
 SORT(*)(.dtors)
 *(.init0)
 .init0         0x0000034a        0x0 C:/Program Files (x86)/Atmel/Studio/7.0/Packs/atmel/XMEGAA_DFP/1.1.68/gcc/dev/atxmega128a3u/avrxmega6/crtatxmega128a3u.o
                0x0000034a                __init
 *(.init0)
 *(.init1)
 *(.init1)
 *(.init2)
 .init2         0x0000034a       0x10 C:/Program Files (x86)/Atmel/Studio/7.0/Packs/atmel/XMEGAA_DFP/1.1.68/gcc/dev/atxmega128a3u/avrxmega6/crtatxmega128a3u.o
 *(.init2)
 *(.init3)
 .init3         0x0000035a       0x10 mem_check.o
                0x0000035a                init_mem
 *(.init3)
 *(.init4)
 .init4         0x0000036a       0x1a c:/program files (x86)/atmel/studio/7.0/toolchain/avr8/avr8-gnu-toolchain/bin/../lib/gcc/avr/5.4.0/avrxmega6\libgcc.a(_copy_data.o)
                0x0000036a                __do_copy_data
 .init4         0x00000384       0x10 c:/program files (x86)/atmel/studio/7.0/toolchain/avr8/avr8-gnu-toolchain/bin/../lib/gcc/avr/5.4.0/avrxmega6\libgcc.a(_clear_bss.o)
                0x00000384                __do_clear_bss
 *(.init4)
 *(.init5)
 *(.init5)
 *(.init6)
 *(.init6)
 *(.init7)
 *(.init7)
 *(.init8)
 *(.init8)
 *(.init9)
 .init9         0x00000394        0x8 C:/Program Files (x86)/Atmel/Studio/7.0/Packs/atmel/XMEGAA_DFP/1.1.68/gcc/dev/atxmega128a3u/avrxmega6/crtatxmega128a3u.o
 *(.init9)
 *(.text)
 .text          0x0000039c        0x4 C:/Program Files (x86)/Atmel/Studio/7.0/Packs/atmel/XMEGAA_DFP/1.1.68/gcc/dev/atxmega128a3u/avrxmega6/crtatxmega128a3u.o
                0x0000039c                __vector_38
                0x0000039c                __vector_104
                0x0000039c                __vector_22
                0x0000039c                __vector_63
                0x0000039c                __vector_28
                0x0000039c                __vector_67
                0x0000039c                __vector_1
                0x0000039c                __vector_119
                0x0000039c                __vector_32
                0x0000039c                __vector_75
                0x0000039c                __vector_71
                0x0000039c                __vector_91
                0x0000039c                __vector_34
                0x0000039c                __vector_62
                0x0000039c                __vector_77
                0x0000039c                __vector_102
                0x0000039c                __vector_24
                0x0000039c                __vector_12
                0x0000039c                __vector_55
                0x0000039c                __vector_69
                0x0000039c                __vector_81
                0x0000039c                __vector_90
                0x0000039c                __vector_46
                0x0000039c                __bad_interrupt
                0x0000039c                __vector_122
                0x0000039c                __vector_72
                0x0000039c                __vector_114
                0x0000039c                __vector_6
                0x0000039c                __vector_110
                0x0000039c                __vector_31
                0x0000039c                __vector_92
                0x0000039c                __vector_35
                0x0000039c                __vector_78
                0x0000039c                __vector_74
                0x0000039c                __vector_117
                0x0000039c                __vector_39
                0x0000039c                __vector_107
                0x0000039c                __vector_3
                0x0000039c                __vector_105
                0x0000039c                __vector_98
                0x0000039c                __vector_23
                0x0000039c                __vector_68
                0x0000039c                __vector_30
                0x0000039c                __vector_73
                0x0000039c                __vector_45
                0x0000039c                __vector_25
                0x0000039c                __vector_93
                0x0000039c                __vector_61
                0x0000039c                __vector_11
                0x0000039c                __vector_54
                0x0000039c                __vector_99
                0x0000039c                __vector_13
                0x0000039c                __vector_17
                0x0000039c                __vector_19
                0x0000039c                __vector_56
                0x0000039c                __vector_7
                0x0000039c                __vector_125
                0x0000039c                __vector_49
                0x0000039c                __vector_123
                0x0000039c                __vector_41
                0x0000039c                __vector_86
                0x0000039c                __vector_100
                0x0000039c                __vector_101
                0x0000039c                __vector_64
                0x0000039c                __vector_88
                0x0000039c                __vector_109
                0x0000039c                __vector_43
                0x0000039c                __vector_27
                0x0000039c                __vector_5
                0x0000039c                __vector_113
                0x0000039c                __vector_33
                0x0000039c                __vector_76
                0x0000039c                __vector_115
                0x0000039c                __vector_47
                0x0000039c                __vector_52
                0x0000039c                __vector_37
                0x0000039c                __vector_95
                0x0000039c                __vector_103
                0x0000039c                __vector_96
                0x0000039c                __vector_89
                0x0000039c                __vector_4
                0x0000039c                __vector_44
                0x0000039c                __vector_82
                0x0000039c                __vector_106
                0x0000039c                __vector_118
                0x0000039c                __vector_51
                0x0000039c                __vector_9
                0x0000039c                __vector_2
                0x0000039c                __vector_21
                0x0000039c                __vector_15
                0x0000039c                __vector_66
                0x0000039c                __vector_36
                0x0000039c                __vector_79
                0x0000039c                __vector_58
                0x0000039c                __vector_70
                0x0000039c                __vector_83
                0x0000039c                __vector_29
                0x0000039c                __vector_60
                0x0000039c                __vector_121
                0x0000039c                __vector_40
                0x0000039c                __vector_85
                0x0000039c                __vector_94
                0x0000039c                __vector_126
                0x0000039c                __vector_8
                0x0000039c                __vector_26
                0x0000039c                __vector_48
                0x0000039c                __vector_124
                0x0000039c                __vector_116
                0x0000039c                __vector_112
                0x0000039c                __vector_111
                0x0000039c                __vector_80
                0x0000039c                __vector_84
                0x0000039c                __vector_57
                0x0000039c                __vector_53
                0x0000039c                __vector_10
                0x0000039c                __vector_50
                0x0000039c                __vector_16
                0x0000039c                __vector_59
                0x0000039c                __vector_18
                0x0000039c                __vector_97
                0x0000039c                __vector_20
                0x0000039c                __vector_42
                0x0000039c                __vector_87
                0x0000039c                __vector_65
                0x0000039c                __vector_120
                0x000003a0                . = ALIGN (0x2)
 *(.text.*)
 .text.initButtons
                0x000003a0       0x16 ButtonHandler.o
                0x000003a0                initButtons
 .text.updateButtons
                0x000003b6      0x14a ButtonHandler.o
                0x000003b6                updateButtons
 .text.getButtonPress
                0x00000500       0x2c ButtonHandler.o
                0x00000500                getButtonPress
 .text.CCPWrite
                0x0000052c       0x2a driver/clksys_driver.o
                0x0000052c                CCPWrite
 .text.CLKSYS_XOSC_Config
                0x00000556       0x14 driver/clksys_driver.o
                0x00000556                CLKSYS_XOSC_Config
 .text.CLKSYS_PLL_Config
                0x0000056a        0xa driver/clksys_driver.o
                0x0000056a                CLKSYS_PLL_Config
 .text.CLKSYS_Disable
                0x00000574       0x14 driver/clksys_driver.o
                0x00000574                CLKSYS_Disable
 .text.CLKSYS_Prescalers_Config
                0x00000588        0xc driver/clksys_driver.o
                0x00000588                CLKSYS_Prescalers_Config
 .text.CLKSYS_Main_ClockSource_Select
                0x00000594       0x2a driver/clksys_driver.o
                0x00000594                CLKSYS_Main_ClockSource_Select
 .text.TC0_ConfigClockSource
                0x000005be        0xc driver/TC_driver.o
                0x000005be                TC0_ConfigClockSource
 .text.TC0_ConfigWGM
                0x000005ca        0xc driver/TC_driver.o
                0x000005ca                TC0_ConfigWGM
 .text.TC0_SetOverflowIntLevel
                0x000005d6        0xc driver/TC_driver.o
                0x000005d6                TC0_SetOverflowIntLevel
 .text.software_reset
                0x000005e2        0xe errorHandler.o
                0x000005e2                software_reset
 .text.vApplicationStackOverflowHook
                0x000005f0        0x6 errorHandler.o
                0x000005f0                vApplicationStackOverflowHook
 .text.xEventGroupCreate
                0x000005f6       0x2a FreeRTOS/event_groups.o
                0x000005f6                xEventGroupCreate
 .text.xEventGroupWaitBits
                0x00000620      0x18a FreeRTOS/event_groups.o
                0x00000620                xEventGroupWaitBits
 .text.xEventGroupClearBits
                0x000007aa       0x42 FreeRTOS/event_groups.o
                0x000007aa                xEventGroupClearBits
 .text.xEventGroupSetBits
                0x000007ec      0x124 FreeRTOS/event_groups.o
                0x000007ec                xEventGroupSetBits
 .text.vEventGroupSetBitsCallback
                0x00000910        0x6 FreeRTOS/event_groups.o
                0x00000910                vEventGroupSetBitsCallback
 .text.xEventGroupSetBitsFromISR
                0x00000916       0x1a FreeRTOS/event_groups.o
                0x00000916                xEventGroupSetBitsFromISR
 .text.pvPortMalloc
                0x00000930       0x4c FreeRTOS/heap_1.o
                0x00000930                pvPortMalloc
 .text.vPortFree
                0x0000097c        0x2 FreeRTOS/heap_1.o
                0x0000097c                vPortFree
 .text.vListInitialise
                0x0000097e       0x22 FreeRTOS/list.o
                0x0000097e                vListInitialise
 .text.vListInitialiseItem
                0x000009a0        0x8 FreeRTOS/list.o
                0x000009a0                vListInitialiseItem
 .text.vListInsertEnd
                0x000009a8       0x42 FreeRTOS/list.o
                0x000009a8                vListInsertEnd
 .text.vListInsert
                0x000009ea       0x7a FreeRTOS/list.o
                0x000009ea                vListInsert
 .text.uxListRemove
                0x00000a64       0x4e FreeRTOS/list.o
                0x00000a64                uxListRemove
 .text._portSetInterruptMaskFromIsr
                0x00000ab2        0xe FreeRTOS/port.o
                0x00000ab2                _portSetInterruptMaskFromIsr
 .text.pxPortInitialiseStack
                0x00000ac0       0xfa FreeRTOS/port.o
                0x00000ac0                pxPortInitialiseStack
 .text.xPortStartScheduler
                0x00000bba       0x80 FreeRTOS/port.o
                0x00000bba                xPortStartScheduler
 .text.vPortYield
                0x00000c3a       0xc2 FreeRTOS/port.o
                0x00000c3a                vPortYield
 .text.portTaskSwitchContext
                0x00000cfc       0x3e FreeRTOS/port.o
                0x00000cfc                portTaskSwitchContext
 .text.__vector_14
                0x00000d3a       0xd2 FreeRTOS/port.o
                0x00000d3a                __vector_14
 .text.prvIsQueueEmpty
                0x00000e0c       0x1e FreeRTOS/queue.o
 .text.prvIsQueueFull
                0x00000e2a       0x26 FreeRTOS/queue.o
 .text.prvCopyDataToQueue
                0x00000e50       0x92 FreeRTOS/queue.o
 .text.prvCopyDataFromQueue
                0x00000ee2       0x34 FreeRTOS/queue.o
 .text.prvUnlockQueue
                0x00000f16       0xac FreeRTOS/queue.o
 .text.xQueueGenericReset
                0x00000fc2       0x82 FreeRTOS/queue.o
                0x00000fc2                xQueueGenericReset
 .text.xQueueGenericCreate
                0x00001044       0x62 FreeRTOS/queue.o
                0x00001044                xQueueGenericCreate
 .text.xQueueGenericSend
                0x000010a6      0x14c FreeRTOS/queue.o
                0x000010a6                xQueueGenericSend
 .text.xQueueGenericSendFromISR
                0x000011f2       0x8a FreeRTOS/queue.o
                0x000011f2                xQueueGenericSendFromISR
 .text.xQueueReceive
                0x0000127c      0x14c FreeRTOS/queue.o
                0x0000127c                xQueueReceive
 .text.uxQueueMessagesWaiting
                0x000013c8       0x18 FreeRTOS/queue.o
                0x000013c8                uxQueueMessagesWaiting
 .text.vQueueWaitForMessageRestricted
                0x000013e0       0x42 FreeRTOS/queue.o
                0x000013e0                vQueueWaitForMessageRestricted
 .text.prvResetNextTaskUnblockTime
                0x00001422       0x54 FreeRTOS/tasks.o
 .text.prvAddCurrentTaskToDelayedList
                0x00001476       0xee FreeRTOS/tasks.o
 .text.prvIdleTask
                0x00001564       0x14 FreeRTOS/tasks.o
 .text.xTaskCreate
                0x00001578      0x22a FreeRTOS/tasks.o
                0x00001578                xTaskCreate
 .text.vTaskResume
                0x000017a2       0x9a FreeRTOS/tasks.o
                0x000017a2                vTaskResume
 .text.vTaskStartScheduler
                0x0000183c       0x76 FreeRTOS/tasks.o
                0x0000183c                vTaskStartScheduler
 .text.vTaskSuspendAll
                0x000018b2        0xc FreeRTOS/tasks.o
                0x000018b2                vTaskSuspendAll
 .text.xTaskGetTickCount
                0x000018be       0x24 FreeRTOS/tasks.o
                0x000018be                xTaskGetTickCount
 .text.xTaskIncrementTick
                0x000018e2      0x1a6 FreeRTOS/tasks.o
                0x000018e2                xTaskIncrementTick
 .text.xTaskResumeAll
                0x00001a88      0x104 FreeRTOS/tasks.o
                0x00001a88                xTaskResumeAll
 .text.vTaskDelay
                0x00001b8c       0x38 FreeRTOS/tasks.o
                0x00001b8c                vTaskDelay
 .text.vTaskSwitchContext
                0x00001bc4      0x11c FreeRTOS/tasks.o
                0x00001bc4                vTaskSwitchContext
 .text.vTaskSuspend
                0x00001ce0       0xb4 FreeRTOS/tasks.o
                0x00001ce0                vTaskSuspend
 .text.vTaskPlaceOnEventList
                0x00001d94       0x30 FreeRTOS/tasks.o
                0x00001d94                vTaskPlaceOnEventList
 .text.vTaskPlaceOnUnorderedEventList
                0x00001dc4       0x4a FreeRTOS/tasks.o
                0x00001dc4                vTaskPlaceOnUnorderedEventList
 .text.vTaskPlaceOnEventListRestricted
                0x00001e0e       0x42 FreeRTOS/tasks.o
                0x00001e0e                vTaskPlaceOnEventListRestricted
 .text.xTaskRemoveFromEventList
                0x00001e50       0x84 FreeRTOS/tasks.o
                0x00001e50                xTaskRemoveFromEventList
 .text.vTaskRemoveFromUnorderedEventList
                0x00001ed4       0x68 FreeRTOS/tasks.o
                0x00001ed4                vTaskRemoveFromUnorderedEventList
 .text.vTaskInternalSetTimeOutState
                0x00001f3c       0x22 FreeRTOS/tasks.o
                0x00001f3c                vTaskInternalSetTimeOutState
 .text.xTaskCheckForTimeOut
                0x00001f5e       0xbc FreeRTOS/tasks.o
                0x00001f5e                xTaskCheckForTimeOut
 .text.vTaskMissedYield
                0x0000201a        0x8 FreeRTOS/tasks.o
                0x0000201a                vTaskMissedYield
 .text.xTaskGetSchedulerState
                0x00002022       0x1c FreeRTOS/tasks.o
                0x00002022                xTaskGetSchedulerState
 .text.uxTaskResetEventItemValue
                0x0000203e       0x50 FreeRTOS/tasks.o
                0x0000203e                uxTaskResetEventItemValue
 .text.prvInsertTimerInActiveList
                0x0000208e       0x92 FreeRTOS/timers.o
 .text.prvCheckForValidListAndQueue
                0x00002120       0x5a FreeRTOS/timers.o
 .text.xTimerCreateTimerTask
                0x0000217a       0x44 FreeRTOS/timers.o
                0x0000217a                xTimerCreateTimerTask
 .text.xTimerCreate
                0x000021be       0x70 FreeRTOS/timers.o
                0x000021be                xTimerCreate
 .text.xTimerGenericCommand
                0x0000222e       0xb2 FreeRTOS/timers.o
                0x0000222e                xTimerGenericCommand
 .text.prvSampleTimeNow
                0x000022e0      0x130 FreeRTOS/timers.o
 .text.prvTimerTask
                0x00002410      0x25e FreeRTOS/timers.o
 .text.xTimerPendFunctionCallFromISR
                0x0000266e       0x4c FreeRTOS/timers.o
                0x0000266e                xTimerPendFunctionCallFromISR
 .text.vInitClock
                0x000026ba       0x70 init.o
                0x000026ba                vInitClock
 .text.MyTimer  0x0000272a       0x16 main.o
                0x0000272a                MyTimer
 .text.Count_Time
                0x00002740       0x54 main.o
                0x00002740                Count_Time
 .text.Pause    0x00002794       0x82 main.o
                0x00002794                Pause
 .text.PiCalc   0x00002816      0x184 main.o
                0x00002816                PiCalc
 .text.Interface
                0x0000299a       0xd2 main.o
                0x0000299a                Interface
 .text.vButtonTask
                0x00002a6c      0x1cc main.o
                0x00002a6c                vButtonTask
 .text.vApplicationIdleHook
                0x00002c38        0x2 main.o
                0x00002c38                vApplicationIdleHook
 .text.main     0x00002c3a      0x11a main.o
                0x00002c3a                main
 .text.__vector_108
                0x00002d54       0x86 NHD0420Driver.o
                0x00002d54                __vector_108
 .text.delayUS  0x00002dda       0xe6 NHD0420Driver.o
                0x00002dda                delayUS
 .text.setPort  0x00002ec0       0x1a NHD0420Driver.o
                0x00002ec0                setPort
 .text.Nybble   0x00002eda       0x24 NHD0420Driver.o
                0x00002eda                Nybble
 .text.command  0x00002efe       0x2c NHD0420Driver.o
                0x00002efe                command
 .text.write    0x00002f2a       0x2c NHD0420Driver.o
                0x00002f2a                write
 .text.vInitDisplay
                0x00002f56       0x88 NHD0420Driver.o
                0x00002f56                vInitDisplay
 .text._displaySetPos
                0x00002fde       0x4e NHD0420Driver.o
                0x00002fde                _displaySetPos
 .text._displayWriteChar
                0x0000302c       0x12 NHD0420Driver.o
                0x0000302c                _displayWriteChar
 .text._displayWriteString
                0x0000303e       0x3e NHD0420Driver.o
                0x0000303e                _displayWriteString
 .text._displayWriteStringAtPos
                0x0000307c       0x16 NHD0420Driver.o
                0x0000307c                _displayWriteStringAtPos
 .text.vDisplayUpdateTask
                0x00003092      0x1bc NHD0420Driver.o
                0x00003092                vDisplayUpdateTask
 .text.vDisplayClear
                0x0000324e       0x16 NHD0420Driver.o
                0x0000324e                vDisplayClear
 .text.vDisplayWriteStringAtPos
                0x00003264      0x746 NHD0420Driver.o
                0x00003264                vDisplayWriteStringAtPos
 .text.getResetReason
                0x000039aa       0x4c utils.o
                0x000039aa                getResetReason
 .text.avr-libc.fplib
                0x000039f6        0xe c:/program files (x86)/atmel/studio/7.0/toolchain/avr8/avr8-gnu-toolchain/bin/../lib/gcc/avr/5.4.0/../../../../avr/lib/avrxmega6\libm.a(addsf3.o)
                0x000039f6                __subsf3
                0x000039f8                __addsf3
 .text.avr-libc.fplib
                0x00003a04       0xcc c:/program files (x86)/atmel/studio/7.0/toolchain/avr8/avr8-gnu-toolchain/bin/../lib/gcc/avr/5.4.0/../../../../avr/lib/avrxmega6\libm.a(addsf3x.o)
                0x00003a26                __addsf3x
 .text.avr-libc.fplib
                0x00003ad0        0xa c:/program files (x86)/atmel/studio/7.0/toolchain/avr8/avr8-gnu-toolchain/bin/../lib/gcc/avr/5.4.0/../../../../avr/lib/avrxmega6\libm.a(cmpsf2.o)
                0x00003ad0                __nesf2
                0x00003ad0                __eqsf2
                0x00003ad0                __cmpsf2
                0x00003ad0                __ltsf2
                0x00003ad0                __lesf2
 .text.avr-libc.fplib
                0x00003ada        0x8 c:/program files (x86)/atmel/studio/7.0/toolchain/avr8/avr8-gnu-toolchain/bin/../lib/gcc/avr/5.4.0/../../../../avr/lib/avrxmega6\libm.a(divsf3.o)
                0x00003ada                __divsf3
 .text.avr-libc.fplib
                0x00003ae2       0xdc c:/program files (x86)/atmel/studio/7.0/toolchain/avr8/avr8-gnu-toolchain/bin/../lib/gcc/avr/5.4.0/../../../../avr/lib/avrxmega6\libm.a(divsf3x.o)
                0x00003b02                __divsf3x
                0x00003b08                __divsf3_pse
 .text.avr-libc.fplib
                0x00003bbe        0xe c:/program files (x86)/atmel/studio/7.0/toolchain/avr8/avr8-gnu-toolchain/bin/../lib/gcc/avr/5.4.0/../../../../avr/lib/avrxmega6\libm.a(fixsfsi.o)
                0x00003bbe                __fixsfsi
 .text.avr-libc.fplib
                0x00003bcc       0x5e c:/program files (x86)/atmel/studio/7.0/toolchain/avr8/avr8-gnu-toolchain/bin/../lib/gcc/avr/5.4.0/../../../../avr/lib/avrxmega6\libm.a(fixunssfsi.o)
                0x00003bcc                __fixunssfsi
 .text.avr-libc.fplib
                0x00003c2a       0x7a c:/program files (x86)/atmel/studio/7.0/toolchain/avr8/avr8-gnu-toolchain/bin/../lib/gcc/avr/5.4.0/../../../../avr/lib/avrxmega6\libm.a(floatsisf.o)
                0x00003c2a                __floatunsisf
                0x00003c2e                __floatsisf
 .text.avr-libc.fplib
                0x00003ca4       0x48 c:/program files (x86)/atmel/studio/7.0/toolchain/avr8/avr8-gnu-toolchain/bin/../lib/gcc/avr/5.4.0/../../../../avr/lib/avrxmega6\libm.a(fp_cmp.o)
                0x00003ca4                __fp_cmp
 .text.avr-libc.fplib
                0x00003cec        0xc c:/program files (x86)/atmel/studio/7.0/toolchain/avr8/avr8-gnu-toolchain/bin/../lib/gcc/avr/5.4.0/../../../../avr/lib/avrxmega6\libm.a(fp_inf.o)
                0x00003cec                __fp_inf
 .text.avr-libc.fplib
                0x00003cf8        0x6 c:/program files (x86)/atmel/studio/7.0/toolchain/avr8/avr8-gnu-toolchain/bin/../lib/gcc/avr/5.4.0/../../../../avr/lib/avrxmega6\libm.a(fp_nan.o)
                0x00003cf8                __fp_nan
 .text.avr-libc.fplib
                0x00003cfe        0xe c:/program files (x86)/atmel/studio/7.0/toolchain/avr8/avr8-gnu-toolchain/bin/../lib/gcc/avr/5.4.0/../../../../avr/lib/avrxmega6\libm.a(fp_pscA.o)
                0x00003cfe                __fp_pscA
 .text.avr-libc.fplib
                0x00003d0c        0xe c:/program files (x86)/atmel/studio/7.0/toolchain/avr8/avr8-gnu-toolchain/bin/../lib/gcc/avr/5.4.0/../../../../avr/lib/avrxmega6\libm.a(fp_pscB.o)
                0x00003d0c                __fp_pscB
 .text.avr-libc.fplib
                0x00003d1a       0x22 c:/program files (x86)/atmel/studio/7.0/toolchain/avr8/avr8-gnu-toolchain/bin/../lib/gcc/avr/5.4.0/../../../../avr/lib/avrxmega6\libm.a(fp_round.o)
                0x00003d1a                __fp_round
 .text.avr-libc.fplib
                0x00003d3c       0x44 c:/program files (x86)/atmel/studio/7.0/toolchain/avr8/avr8-gnu-toolchain/bin/../lib/gcc/avr/5.4.0/../../../../avr/lib/avrxmega6\libm.a(fp_split3.o)
                0x00003d3c                __fp_split3
                0x00003d4c                __fp_splitA
 .text.avr-libc.fplib
                0x00003d80        0xe c:/program files (x86)/atmel/studio/7.0/toolchain/avr8/avr8-gnu-toolchain/bin/../lib/gcc/avr/5.4.0/../../../../avr/lib/avrxmega6\libm.a(fp_zero.o)
                0x00003d80                __fp_zero
                0x00003d82                __fp_szero
 .text.avr-libc.fplib
                0x00003d8e        0xa c:/program files (x86)/atmel/studio/7.0/toolchain/avr8/avr8-gnu-toolchain/bin/../lib/gcc/avr/5.4.0/../../../../avr/lib/avrxmega6\libm.a(gesf2.o)
                0x00003d8e                __gesf2
                0x00003d8e                __gtsf2
 .text.avr-libc.fplib
                0x00003d98        0x8 c:/program files (x86)/atmel/studio/7.0/toolchain/avr8/avr8-gnu-toolchain/bin/../lib/gcc/avr/5.4.0/../../../../avr/lib/avrxmega6\libm.a(mulsf3.o)
                0x00003d98                __mulsf3
 .text.avr-libc.fplib
                0x00003da0       0xd2 c:/program files (x86)/atmel/studio/7.0/toolchain/avr8/avr8-gnu-toolchain/bin/../lib/gcc/avr/5.4.0/../../../../avr/lib/avrxmega6\libm.a(mulsf3x.o)
                0x00003dbe                __mulsf3x
                0x00003dc4                __mulsf3_pse
 .text.avr-libc
                0x00003e72      0x740 c:/program files (x86)/atmel/studio/7.0/toolchain/avr8/avr8-gnu-toolchain/bin/../lib/gcc/avr/5.4.0/../../../../avr/lib/avrxmega6\libprintf_flt.a(vfprintf_flt.o)
                0x00003e72                vfprintf
 .text.libgcc   0x000045b2       0x10 c:/program files (x86)/atmel/studio/7.0/toolchain/avr8/avr8-gnu-toolchain/bin/../lib/gcc/avr/5.4.0/avrxmega6\libgcc.a(_tablejump2.o)
                0x000045b2                __tablejump2__
 .text.avr-libc
                0x000045c2       0x40 c:/program files (x86)/atmel/studio/7.0/toolchain/avr8/avr8-gnu-toolchain/bin/../lib/gcc/avr/5.4.0/../../../../avr/lib/avrxmega6\libc.a(dtostrf.o)
                0x000045c2                dtostrf
 .text.avr-libc
                0x00004602      0x1b0 c:/program files (x86)/atmel/studio/7.0/toolchain/avr8/avr8-gnu-toolchain/bin/../lib/gcc/avr/5.4.0/../../../../avr/lib/avrxmega6\libc.a(ftoa_engine.o)
                0x00004602                __ftoa_engine
 .text.avr-libc
                0x000047b2       0x16 c:/program files (x86)/atmel/studio/7.0/toolchain/avr8/avr8-gnu-toolchain/bin/../lib/gcc/avr/5.4.0/../../../../avr/lib/avrxmega6\libc.a(strnlen_P.o)
                0x000047b2                strnlen_P
 .text.avr-libc
                0x000047c8       0x12 c:/program files (x86)/atmel/studio/7.0/toolchain/avr8/avr8-gnu-toolchain/bin/../lib/gcc/avr/5.4.0/../../../../avr/lib/avrxmega6\libc.a(memcpy.o)
                0x000047c8                memcpy
 .text.avr-libc
                0x000047da        0xe c:/program files (x86)/atmel/studio/7.0/toolchain/avr8/avr8-gnu-toolchain/bin/../lib/gcc/avr/5.4.0/../../../../avr/lib/avrxmega6\libc.a(memset.o)
                0x000047da                memset
 .text.avr-libc
                0x000047e8       0x16 c:/program files (x86)/atmel/studio/7.0/toolchain/avr8/avr8-gnu-toolchain/bin/../lib/gcc/avr/5.4.0/../../../../avr/lib/avrxmega6\libc.a(strnlen.o)
                0x000047e8                strnlen
 .text.avr-libc
                0x000047fe       0x16 c:/program files (x86)/atmel/studio/7.0/toolchain/avr8/avr8-gnu-toolchain/bin/../lib/gcc/avr/5.4.0/../../../../avr/lib/avrxmega6\libc.a(itoa_ncheck.o)
                0x000047fe                __itoa_ncheck
 .text.avr-libc
                0x00004814       0x34 c:/program files (x86)/atmel/studio/7.0/toolchain/avr8/avr8-gnu-toolchain/bin/../lib/gcc/avr/5.4.0/../../../../avr/lib/avrxmega6\libc.a(utoa_ncheck.o)
                0x00004814                __utoa_ncheck
                0x00004816                __utoa_common
 .text.avr-libc
                0x00004848       0x78 c:/program files (x86)/atmel/studio/7.0/toolchain/avr8/avr8-gnu-toolchain/bin/../lib/gcc/avr/5.4.0/../../../../avr/lib/avrxmega6\libc.a(fputc.o)
                0x00004848                fputc
 .text.avr-libc
                0x000048c0       0xbc c:/program files (x86)/atmel/studio/7.0/toolchain/avr8/avr8-gnu-toolchain/bin/../lib/gcc/avr/5.4.0/../../../../avr/lib/avrxmega6\libc.a(ultoa_invert.o)
                0x000048c0                __ultoa_invert
 .text.avr-libc
                0x0000497c      0x2e2 c:/program files (x86)/atmel/studio/7.0/toolchain/avr8/avr8-gnu-toolchain/bin/../lib/gcc/avr/5.4.0/../../../../avr/lib/avrxmega6\libc.a(dtoa_prf.o)
                0x0000497c                dtoa_prf
 .text.avr-libc
                0x00004c5e       0x20 c:/program files (x86)/atmel/studio/7.0/toolchain/avr8/avr8-gnu-toolchain/bin/../lib/gcc/avr/5.4.0/../../../../avr/lib/avrxmega6\libc.a(strrev.o)
                0x00004c5e                strrev
                0x00004c7e                . = ALIGN (0x2)
 *(.fini9)
 .fini9         0x00004c7e        0x0 c:/program files (x86)/atmel/studio/7.0/toolchain/avr8/avr8-gnu-toolchain/bin/../lib/gcc/avr/5.4.0/avrxmega6\libgcc.a(_exit.o)
                0x00004c7e                _exit
                0x00004c7e                exit
 *(.fini9)
 *(.fini8)
 *(.fini8)
 *(.fini7)
 *(.fini7)
 *(.fini6)
 *(.fini6)
 *(.fini5)
 *(.fini5)
 *(.fini4)
 *(.fini4)
 *(.fini3)
 *(.fini3)
 *(.fini2)
 *(.fini2)
 *(.fini1)
 *(.fini1)
 *(.fini0)
 .fini0         0x00004c7e        0x4 c:/program files (x86)/atmel/studio/7.0/toolchain/avr8/avr8-gnu-toolchain/bin/../lib/gcc/avr/5.4.0/avrxmega6\libgcc.a(_exit.o)
 *(.fini0)
                0x00004c82                _etext = .

.data           0x00802000       0x9a load address 0x00004c82
                0x00802000                PROVIDE (__data_start, .)
 *(.data)
 *(.data*)
 *(.gnu.linkonce.d*)
 *(.rodata)
 *(.rodata*)
 .rodata.str1.1
                0x00802000        0x5 FreeRTOS/tasks.o
 .rodata.str1.1
                0x00802005        0x8 FreeRTOS/timers.o
 .rodata.str1.1
                0x0080200d       0x82 main.o
 .rodata.str1.1
                0x0080208f        0xb NHD0420Driver.o
 *(.gnu.linkonce.r*)
                0x0080209a                . = ALIGN (0x2)
                0x0080209a                _edata = .
                0x0080209a                PROVIDE (__data_end, .)

.bss            0x0080209a      0xccd
                0x0080209a                PROVIDE (__bss_start, .)
 *(.bss)
 *(.bss*)
 .bss.b4Count.3832
                0x0080209a        0x2 ButtonHandler.o
 .bss.b3Count.3831
                0x0080209c        0x2 ButtonHandler.o
 .bss.b2Count.3830
                0x0080209e        0x2 ButtonHandler.o
 .bss.b1Count.3829
                0x008020a0        0x2 ButtonHandler.o
 .bss.xNextFreeByte
                0x008020a2        0x2 FreeRTOS/heap_1.o
 .bss.xHeap     0x008020a4      0xbb8 FreeRTOS/heap_1.o
 .bss.uxSchedulerSuspended
                0x00802c5c        0x1 FreeRTOS/tasks.o
 .bss.xIdleTaskHandle
                0x00802c5d        0x2 FreeRTOS/tasks.o
 .bss.xNextTaskUnblockTime
                0x00802c5f        0x4 FreeRTOS/tasks.o
 .bss.uxTaskNumber
                0x00802c63        0x1 FreeRTOS/tasks.o
 .bss.xNumOfOverflows
                0x00802c64        0x1 FreeRTOS/tasks.o
 .bss.xYieldPending
                0x00802c65        0x1 FreeRTOS/tasks.o
 .bss.uxPendedTicks
                0x00802c66        0x1 FreeRTOS/tasks.o
 .bss.xSchedulerRunning
                0x00802c67        0x1 FreeRTOS/tasks.o
 .bss.uxTopReadyPriority
                0x00802c68        0x1 FreeRTOS/tasks.o
 .bss.xTickCount
                0x00802c69        0x4 FreeRTOS/tasks.o
 .bss.uxCurrentNumberOfTasks
                0x00802c6d        0x1 FreeRTOS/tasks.o
 .bss.xSuspendedTaskList
                0x00802c6e        0xb FreeRTOS/tasks.o
 .bss.xPendingReadyList
                0x00802c79        0xb FreeRTOS/tasks.o
 .bss.pxOverflowDelayedTaskList
                0x00802c84        0x2 FreeRTOS/tasks.o
 .bss.pxDelayedTaskList
                0x00802c86        0x2 FreeRTOS/tasks.o
 .bss.xDelayedTaskList2
                0x00802c88        0xb FreeRTOS/tasks.o
 .bss.xDelayedTaskList1
                0x00802c93        0xb FreeRTOS/tasks.o
 .bss.pxReadyTasksLists
                0x00802c9e       0x2c FreeRTOS/tasks.o
 .bss.pxCurrentTCB
                0x00802cca        0x2 FreeRTOS/tasks.o
                0x00802cca                pxCurrentTCB
 .bss.xLastTime.4745
                0x00802ccc        0x4 FreeRTOS/timers.o
 .bss.xTimerTaskHandle
                0x00802cd0        0x2 FreeRTOS/timers.o
 .bss.xTimerQueue
                0x00802cd2        0x2 FreeRTOS/timers.o
 .bss.pxOverflowTimerList
                0x00802cd4        0x2 FreeRTOS/timers.o
 .bss.pxCurrentTimerList
                0x00802cd6        0x2 FreeRTOS/timers.o
 .bss.xActiveTimerList2
                0x00802cd8        0xb FreeRTOS/timers.o
 .bss.xActiveTimerList1
                0x00802ce3        0xb FreeRTOS/timers.o
 .bss.i         0x00802cee        0x4 main.o
                0x00802cee                i
 .bss.dmyPi     0x00802cf2        0x4 main.o
                0x00802cf2                dmyPi
 .bss.count     0x00802cf6        0x2 main.o
                0x00802cf6                count
 .bss.sec       0x00802cf8        0x2 main.o
                0x00802cf8                sec
 .bss.str.4996  0x00802cfa       0x14 NHD0420Driver.o
 .bss.buffer.4995
                0x00802d0e       0x14 NHD0420Driver.o
 *(COMMON)
 COMMON         0x00802d22        0x4 ButtonHandler.o
                0x00802d22                b1Status
                0x00802d23                b2Status
                0x00802d24                b3Status
                0x00802d25                b4Status
 COMMON         0x00802d26        0x1 FreeRTOS/port.o
                0x00802d26                intTaskSwitchPending
 COMMON         0x00802d27       0x3c main.o
                0x00802d27                EventGroup
                0x00802d29                PiCalc_task
                0x00802d2b                Pause_task
                0x00802d2d                I_string
                0x00802d41                action
                0x00802d45                Pi_string
                0x00802d59                Interface_task
                0x00802d5b                Count_Time_task
                0x00802d5d                Timer1
                0x00802d5f                stop
 COMMON         0x00802d63        0x4 NHD0420Driver.o
                0x00802d63                displayLineQueue
                0x00802d65                egDisplayTiming
                0x00802d67                PROVIDE (__bss_end, .)
                0x00004c82                __data_load_start = LOADADDR (.data)
                0x00004d1c                __data_load_end = (__data_load_start + SIZEOF (.data))

.noinit         0x00802d67        0x0
                [!provide]                PROVIDE (__noinit_start, .)
 *(.noinit*)
                [!provide]                PROVIDE (__noinit_end, .)
                0x00802d67                _end = .
                0x00802d67                PROVIDE (__heap_start, .)

.eeprom         0x00810000        0x0
 *(.eeprom*)
                0x00810000                __eeprom_end = .

.fuse
 *(.fuse)
 *(.lfuse)
 *(.hfuse)
 *(.efuse)

.lock
 *(.lock*)

.signature
 *(.signature*)

.user_signatures
 *(.user_signatures*)

.stab
 *(.stab)

.stabstr
 *(.stabstr)

.stab.excl
 *(.stab.excl)

.stab.exclstr
 *(.stab.exclstr)

.stab.index
 *(.stab.index)

.stab.indexstr
 *(.stab.indexstr)

.comment        0x00000000       0x5c
 *(.comment)
 .comment       0x00000000       0x30 ButtonHandler.o
                                 0x31 (size before relaxing)
 .comment       0x00000030       0x31 driver/clksys_driver.o
 .comment       0x00000030       0x31 driver/TC_driver.o
 .comment       0x00000030       0x31 errorHandler.o
 .comment       0x00000030       0x31 FreeRTOS/event_groups.o
 .comment       0x00000030       0x31 FreeRTOS/heap_1.o
 .comment       0x00000030       0x31 FreeRTOS/list.o
 .comment       0x00000030       0x31 FreeRTOS/port.o
 .comment       0x00000030       0x31 FreeRTOS/queue.o
 .comment       0x00000030       0x31 FreeRTOS/tasks.o
 .comment       0x00000030       0x31 FreeRTOS/timers.o
 .comment       0x00000030       0x31 init.o
 .comment       0x00000030       0x31 main.o
 .comment       0x00000030       0x31 mem_check.o
 .comment       0x00000030       0x31 NHD0420Driver.o
 .comment       0x00000030       0x31 utils.o
 .comment       0x00000030       0x2c c:/program files (x86)/atmel/studio/7.0/toolchain/avr8/avr8-gnu-toolchain/bin/../lib/gcc/avr/5.4.0/../../../../avr/lib/avrxmega6\libprintf_flt.a(vfprintf_flt.o)
                                 0x2d (size before relaxing)
 .comment       0x0000005c       0x31 c:/program files (x86)/atmel/studio/7.0/toolchain/avr8/avr8-gnu-toolchain/bin/../lib/gcc/avr/5.4.0/../../../../avr/lib/avrxmega6\libc.a(dtostrf.o)
 .comment       0x0000005c       0x31 c:/program files (x86)/atmel/studio/7.0/toolchain/avr8/avr8-gnu-toolchain/bin/../lib/gcc/avr/5.4.0/../../../../avr/lib/avrxmega6\libc.a(fputc.o)
 .comment       0x0000005c       0x31 c:/program files (x86)/atmel/studio/7.0/toolchain/avr8/avr8-gnu-toolchain/bin/../lib/gcc/avr/5.4.0/../../../../avr/lib/avrxmega6\libc.a(dtoa_prf.o)

.note.gnu.avr.deviceinfo
                0x00000000       0x40
 .note.gnu.avr.deviceinfo
                0x00000000       0x40 C:/Program Files (x86)/Atmel/Studio/7.0/Packs/atmel/XMEGAA_DFP/1.1.68/gcc/dev/atxmega128a3u/avrxmega6/crtatxmega128a3u.o

.note.gnu.build-id
 *(.note.gnu.build-id)

.debug
 *(.debug)

.line
 *(.line)

.debug_srcinfo
 *(.debug_srcinfo)

.debug_sfnames
 *(.debug_sfnames)

.debug_aranges  0x00000000      0x780
 *(.debug_aranges)
 .debug_aranges
                0x00000000       0x30 ButtonHandler.o
 .debug_aranges
                0x00000030       0x68 driver/clksys_driver.o
 .debug_aranges
                0x00000098       0xc8 driver/TC_driver.o
 .debug_aranges
                0x00000160       0x40 errorHandler.o
 .debug_aranges
                0x000001a0       0x80 FreeRTOS/event_groups.o
 .debug_aranges
                0x00000220       0x38 FreeRTOS/heap_1.o
 .debug_aranges
                0x00000258       0x40 FreeRTOS/list.o
 .debug_aranges
                0x00000298       0x50 FreeRTOS/port.o
 .debug_aranges
                0x000002e8      0x100 FreeRTOS/queue.o
 .debug_aranges
                0x000003e8      0x180 FreeRTOS/tasks.o
 .debug_aranges
                0x00000568       0xa8 FreeRTOS/timers.o
 .debug_aranges
                0x00000610       0x20 init.o
 .debug_aranges
                0x00000630       0x58 main.o
 .debug_aranges
                0x00000688       0x28 mem_check.o
 .debug_aranges
                0x000006b0       0xb0 NHD0420Driver.o
 .debug_aranges
                0x00000760       0x20 utils.o

.debug_pubnames
 *(.debug_pubnames)

.debug_info     0x00000000     0xe813
 *(.debug_info .gnu.linkonce.wi.*)
 .debug_info    0x00000000     0x3409 C:/Program Files (x86)/Atmel/Studio/7.0/Packs/atmel/XMEGAA_DFP/1.1.68/gcc/dev/atxmega128a3u/avrxmega6/crtatxmega128a3u.o
 .debug_info    0x00003409      0x35d ButtonHandler.o
 .debug_info    0x00003766      0x66d driver/clksys_driver.o
 .debug_info    0x00003dd3     0x1335 driver/TC_driver.o
 .debug_info    0x00005108      0x247 errorHandler.o
 .debug_info    0x0000534f      0xc58 FreeRTOS/event_groups.o
 .debug_info    0x00005fa7      0x1a0 FreeRTOS/heap_1.o
 .debug_info    0x00006147      0x2cf FreeRTOS/list.o
 .debug_info    0x00006416      0xadf FreeRTOS/port.o
 .debug_info    0x00006ef5     0x198f FreeRTOS/queue.o
 .debug_info    0x00008884     0x22f3 FreeRTOS/tasks.o
 .debug_info    0x0000ab77     0x12ac FreeRTOS/timers.o
 .debug_info    0x0000be23      0x338 init.o
 .debug_info    0x0000c15b      0xa4b main.o
 .debug_info    0x0000cba6       0xd0 mem_check.o
 .debug_info    0x0000cc76     0x1a83 NHD0420Driver.o
 .debug_info    0x0000e6f9      0x11a utils.o

.debug_abbrev   0x00000000     0x4f73
 *(.debug_abbrev)
 .debug_abbrev  0x00000000     0x3148 C:/Program Files (x86)/Atmel/Studio/7.0/Packs/atmel/XMEGAA_DFP/1.1.68/gcc/dev/atxmega128a3u/avrxmega6/crtatxmega128a3u.o
 .debug_abbrev  0x00003148      0x111 ButtonHandler.o
 .debug_abbrev  0x00003259      0x19d driver/clksys_driver.o
 .debug_abbrev  0x000033f6      0x187 driver/TC_driver.o
 .debug_abbrev  0x0000357d      0x187 errorHandler.o
 .debug_abbrev  0x00003704      0x237 FreeRTOS/event_groups.o
 .debug_abbrev  0x0000393b      0x136 FreeRTOS/heap_1.o
 .debug_abbrev  0x00003a71       0xff FreeRTOS/list.o
 .debug_abbrev  0x00003b70      0x29d FreeRTOS/port.o
 .debug_abbrev  0x00003e0d      0x2e0 FreeRTOS/queue.o
 .debug_abbrev  0x000040ed      0x35e FreeRTOS/tasks.o
 .debug_abbrev  0x0000444b      0x2fc FreeRTOS/timers.o
 .debug_abbrev  0x00004747       0xd5 init.o
 .debug_abbrev  0x0000481c      0x1ce main.o
 .debug_abbrev  0x000049ea       0x96 mem_check.o
 .debug_abbrev  0x00004a80      0x445 NHD0420Driver.o
 .debug_abbrev  0x00004ec5       0xae utils.o

.debug_line     0x00000000     0x4e33
 *(.debug_line .debug_line.* .debug_line_end)
 .debug_line    0x00000000      0x39d C:/Program Files (x86)/Atmel/Studio/7.0/Packs/atmel/XMEGAA_DFP/1.1.68/gcc/dev/atxmega128a3u/avrxmega6/crtatxmega128a3u.o
 .debug_line    0x0000039d      0x25f ButtonHandler.o
 .debug_line    0x000005fc      0x249 driver/clksys_driver.o
 .debug_line    0x00000845      0x2fc driver/TC_driver.o
 .debug_line    0x00000b41      0x187 errorHandler.o
 .debug_line    0x00000cc8      0x4aa FreeRTOS/event_groups.o
 .debug_line    0x00001172      0x14c FreeRTOS/heap_1.o
 .debug_line    0x000012be      0x1ea FreeRTOS/list.o
 .debug_line    0x000014a8      0x37e FreeRTOS/port.o
 .debug_line    0x00001826      0xd1a FreeRTOS/queue.o
 .debug_line    0x00002540     0x12c5 FreeRTOS/tasks.o
 .debug_line    0x00003805      0x57d FreeRTOS/timers.o
 .debug_line    0x00003d82      0x181 init.o
 .debug_line    0x00003f03      0x38b main.o
 .debug_line    0x0000428e       0x72 mem_check.o
 .debug_line    0x00004300      0x9cb NHD0420Driver.o
 .debug_line    0x00004ccb      0x168 utils.o

.debug_frame    0x00000000     0x1858
 *(.debug_frame)
 .debug_frame   0x00000000       0x44 ButtonHandler.o
 .debug_frame   0x00000044       0xdc driver/clksys_driver.o
 .debug_frame   0x00000120      0x174 driver/TC_driver.o
 .debug_frame   0x00000294       0x64 errorHandler.o
 .debug_frame   0x000002f8      0x228 FreeRTOS/event_groups.o
 .debug_frame   0x00000520       0x60 FreeRTOS/heap_1.o
 .debug_frame   0x00000580       0x90 FreeRTOS/list.o
 .debug_frame   0x00000610       0xa0 FreeRTOS/port.o
 .debug_frame   0x000006b0      0x418 FreeRTOS/queue.o
 .debug_frame   0x00000ac8      0x690 FreeRTOS/tasks.o
 .debug_frame   0x00001158      0x2ac FreeRTOS/timers.o
 .debug_frame   0x00001404       0x24 init.o
 .debug_frame   0x00001428      0x160 main.o
 .debug_frame   0x00001588       0x34 mem_check.o
 .debug_frame   0x000015bc      0x278 NHD0420Driver.o
 .debug_frame   0x00001834       0x24 utils.o

.debug_str      0x00000000     0x56fb
 *(.debug_str)
 .debug_str     0x00000000     0x223b C:/Program Files (x86)/Atmel/Studio/7.0/Packs/atmel/XMEGAA_DFP/1.1.68/gcc/dev/atxmega128a3u/avrxmega6/crtatxmega128a3u.o
 .debug_str     0x0000223b      0x32a ButtonHandler.o
                                0x35e (size before relaxing)
 .debug_str     0x00002565      0x640 driver/clksys_driver.o
                                0x7da (size before relaxing)
 .debug_str     0x00002ba5      0xb24 driver/TC_driver.o
                                0xcd7 (size before relaxing)
 .debug_str     0x000036c9       0xaa errorHandler.o
                                0x263 (size before relaxing)
 .debug_str     0x00003773      0x53a FreeRTOS/event_groups.o
                                0x761 (size before relaxing)
 .debug_str     0x00003cad       0x8a FreeRTOS/heap_1.o
                                0x238 (size before relaxing)
 .debug_str     0x00003d37       0x90 FreeRTOS/list.o
                                0x2ce (size before relaxing)
 .debug_str     0x00003dc7      0x141 FreeRTOS/port.o
                                0x85e (size before relaxing)
 .debug_str     0x00003f08      0x543 FreeRTOS/queue.o
                                0x94f (size before relaxing)
 .debug_str     0x0000444b      0x972 FreeRTOS/tasks.o
                                0xfff (size before relaxing)
 .debug_str     0x00004dbd      0x4d4 FreeRTOS/timers.o
                                0x8fa (size before relaxing)
 .debug_str     0x00005291       0x17 init.o
                                0x51f (size before relaxing)
 .debug_str     0x000052a8      0x1ea main.o
                                0x4e3 (size before relaxing)
 .debug_str     0x00005492       0x49 mem_check.o
                                0x1c3 (size before relaxing)
 .debug_str     0x000054db      0x207 NHD0420Driver.o
                                0xac9 (size before relaxing)
 .debug_str     0x000056e2       0x19 utils.o
                                0x24d (size before relaxing)

.debug_loc      0x00000000     0x8f1a
 *(.debug_loc)
 .debug_loc     0x00000000       0x85 ButtonHandler.o
 .debug_loc     0x00000085      0x2cf driver/clksys_driver.o
 .debug_loc     0x00000354      0x336 driver/TC_driver.o
 .debug_loc     0x0000068a       0x97 errorHandler.o
 .debug_loc     0x00000721     0x1086 FreeRTOS/event_groups.o
 .debug_loc     0x000017a7       0xf1 FreeRTOS/heap_1.o
 .debug_loc     0x00001898      0x17d FreeRTOS/list.o
 .debug_loc     0x00001a15      0x33e FreeRTOS/port.o
 .debug_loc     0x00001d53     0x1d3d FreeRTOS/queue.o
 .debug_loc     0x00003a90     0x2997 FreeRTOS/tasks.o
 .debug_loc     0x00006427     0x1038 FreeRTOS/timers.o
 .debug_loc     0x0000745f      0x3cb main.o
 .debug_loc     0x0000782a       0x24 mem_check.o
 .debug_loc     0x0000784e     0x1665 NHD0420Driver.o
 .debug_loc     0x00008eb3       0x67 utils.o

.debug_macinfo
 *(.debug_macinfo)

.debug_weaknames
 *(.debug_weaknames)

.debug_funcnames
 *(.debug_funcnames)

.debug_typenames
 *(.debug_typenames)

.debug_varnames
 *(.debug_varnames)

.debug_pubtypes
 *(.debug_pubtypes)

.debug_ranges   0x00000000      0x820
 *(.debug_ranges)
 .debug_ranges  0x00000000       0x20 ButtonHandler.o
 .debug_ranges  0x00000020       0x58 driver/clksys_driver.o
 .debug_ranges  0x00000078       0xb8 driver/TC_driver.o
 .debug_ranges  0x00000130       0x30 errorHandler.o
 .debug_ranges  0x00000160       0x88 FreeRTOS/event_groups.o
 .debug_ranges  0x000001e8       0x28 FreeRTOS/heap_1.o
 .debug_ranges  0x00000210       0x30 FreeRTOS/list.o
 .debug_ranges  0x00000240       0x40 FreeRTOS/port.o
 .debug_ranges  0x00000280      0x138 FreeRTOS/queue.o
 .debug_ranges  0x000003b8      0x1d0 FreeRTOS/tasks.o
 .debug_ranges  0x00000588       0xe8 FreeRTOS/timers.o
 .debug_ranges  0x00000670       0x10 init.o
 .debug_ranges  0x00000680       0x48 main.o
 .debug_ranges  0x000006c8       0x18 mem_check.o
 .debug_ranges  0x000006e0      0x130 NHD0420Driver.o
 .debug_ranges  0x00000810       0x10 utils.o

.debug_macro
 *(.debug_macro)
OUTPUT(Pi_Calculation.elf elf32-avr)
LOAD linker stubs
